[2026-04-20T14:43:27.631Z] [info] %cDownload the React DevTools for a better development experience: https://react.dev/link/react-devtools font-weight:bold
[2026-04-20T14:43:27.697Z] [log] [HMR] connected
[2026-04-20T14:43:27.733Z] [warning] Image with src "/landing-page.png" is using quality "95" which is not configured in images.qualities [75]. Please update your config to [75, 95].
Read more: https://nextjs.org/docs/messages/next-image-unconfigured-qualities
[2026-04-20T14:44:20.332Z] [log] [Fast Refresh] rebuilding
[2026-04-20T14:44:20.381Z] [warning] Image with src "/landing-page.png" is using quality "90" which is not configured in images.qualities [75]. Please update your config to [75, 90].
Read more: https://nextjs.org/docs/messages/next-image-unconfigured-qualities
[2026-04-20T14:44:20.408Z] [log] [Fast Refresh] done in 152ms
[2026-04-20T14:44:45.890Z] [log] [Fast Refresh] rebuilding
[2026-04-20T14:44:45.906Z] [log] [Fast Refresh] done in 101ms
[2026-04-20T14:46:08.335Z] [log] [Fast Refresh] rebuilding
[2026-04-20T14:46:08.724Z] [warning] Image with src "/landing-page.png" is using quality "92" which is not configured in images.qualities [75]. Please update your config to [75, 92].
Read more: https://nextjs.org/docs/messages/next-image-unconfigured-qualities
[2026-04-20T14:46:08.727Z] [log] [Fast Refresh] done in 483ms
[2026-04-20T14:46:12.139Z] [warning] The resource http://localhost:3000/_next/image?url=%2Flanding-page.png&w=1080&q=75 was preloaded using link preload but not used within a few seconds from the window's load event. Please make sure it has an appropriate `as` value and it is preloaded intentionally.
[2026-04-20T14:46:51.811Z] [log] [Fast Refresh] rebuilding
[2026-04-20T14:46:52.593Z] [log] [Fast Refresh] done in 883ms
[2026-04-20T14:46:52.853Z] [log] [Fast Refresh] rebuilding
[2026-04-20T14:46:52.914Z] [log] [Fast Refresh] done in 159ms
[2026-04-20T14:46:56.011Z] [warning] The resource http://localhost:3000/_next/image?url=%2Flanding-page.png&w=1080&q=75 was preloaded using link preload but not used within a few seconds from the window's load event. Please make sure it has an appropriate `as` value and it is preloaded intentionally.
[2026-04-20T14:48:45.593Z] [log] [Fast Refresh] rebuilding
[2026-04-20T14:48:45.650Z] [log] [Fast Refresh] done in 157ms
[2026-04-20T14:48:45.713Z] [info] %cDownload the React DevTools for a better development experience: https://react.dev/link/react-devtools font-weight:bold
[2026-04-20T14:48:45.794Z] [log] [HMR] connected
[2026-04-20T14:48:45.815Z] [warning] Image with src "/landing-page.png" is using quality "92" which is not configured in images.qualities [75]. Please update your config to [75, 92].
Read more: https://nextjs.org/docs/messages/next-image-unconfigured-qualities
[2026-04-20T14:48:45.934Z] [log] [Fast Refresh] rebuilding
[2026-04-20T14:48:45.941Z] [log] [Fast Refresh] done in 109ms
[2026-04-20T14:49:20.107Z] [log] [Fast Refresh] rebuilding
[2026-04-20T14:49:20.129Z] [log] [Fast Refresh] done in 52ms
[2026-04-20T14:50:17.480Z] [log] [Fast Refresh] rebuilding
[2026-04-20T14:50:17.502Z] [log] [Fast Refresh] done in 30ms
[2026-04-20T14:50:25.475Z] [log] [Fast Refresh] rebuilding
[2026-04-20T14:50:25.500Z] [log] [Fast Refresh] done in 56ms
[2026-04-20T14:50:32.366Z] [log] [Fast Refresh] rebuilding
[2026-04-20T14:50:32.391Z] [log] [Fast Refresh] done in 47ms
[2026-04-20T14:51:11.203Z] [info] %cDownload the React DevTools for a better development experience: https://react.dev/link/react-devtools font-weight:bold
[2026-04-20T14:51:11.281Z] [log] [HMR] connected
[2026-04-20T14:51:11.295Z] [warning] Image with src "/landing-page.png" is using quality "92" which is not configured in images.qualities [75]. Please update your config to [75, 92].
Read more: https://nextjs.org/docs/messages/next-image-unconfigured-qualities
[2026-04-20T14:52:13.613Z] [log] [Fast Refresh] rebuilding
[2026-04-20T14:52:13.954Z] [log] [Fast Refresh] done in 322ms
[2026-04-20T14:53:13.951Z] [log] [Fast Refresh] rebuilding
[2026-04-20T14:53:13.958Z] [log] [Fast Refresh] done in 110ms
[2026-04-20T14:53:13.998Z] [info] %cDownload the React DevTools for a better development experience: https://react.dev/link/react-devtools font-weight:bold
[2026-04-20T14:53:14.022Z] [log] [HMR] connected
[2026-04-20T14:53:14.059Z] [warning] Image with src "/landing-page.png" is using quality "92" which is not configured in images.qualities [75]. Please update your config to [75, 92].
Read more: https://nextjs.org/docs/messages/next-image-unconfigured-qualities
